// Jest Snapshot v1, https://goo.gl/fbAQLP

exports[`ScrollToAnchor should match the snapshot 1`] = `null`;
